<html>
<body>
<pre>
<h1>礦ision Build Log</h1>
<h2>Tool Versions:</h2>
IDE-Version: μVision V5.39.0.0
Copyright (C) 2023 ARM Ltd and ARM Germany GmbH. All rights reserved.
License Information: 磊 罗, 天选4, LIC=65ISZ-JP3J8-746S0-BDG4M-78GH1-NGFPT
 
Tool Versions:
Toolchain:       MDK-ARM Plus  Version: 5.39.0.0
Toolchain Path:  C:\Keil_v5\ARM\ARMCC\Bin
C Compiler:      Armcc.exe V5.06 update 6 (build 750)
Assembler:       Armasm.exe V5.06 update 6 (build 750)
Linker/Locator:  ArmLink.exe V5.06 update 6 (build 750)
Library Manager: ArmAr.exe V5.06 update 6 (build 750)
Hex Converter:   FromElf.exe V5.06 update 6 (build 750)
CPU DLL:         SARMCM3.DLL V5.39.0.0
Dialog DLL:      DCM.DLL V1.17.5.0
Target DLL:      CMSIS_AGDI.dll V1.33.16.0
Dialog DLL:      TCM.DLL V1.56.4.0
 
<h2>Project:</h2>
C:\Users\25216\Desktop\全向无人船底层\project\MDK(V5)\Project.uvprojx
Project File Date:  03/29/2026

<h2>Output:</h2>
*** Using Compiler 'V5.06 update 6 (build 750)', folder: 'C:\Keil_v5\ARM\ARMCC\Bin'
Build target 'Project'
compiling ADC.c...
..\..\bsp\ADC.c(58): warning:  #1-D: last line of file ends without a newline
  }
..\..\bsp\ADC.c: 1 warning, 0 errors
compiling Control.c...
..\..\bsp\Encoder.h(14): warning:  #1-D: last line of file ends without a newline
  #endif
..\..\bsp\Control.c: 1 warning, 0 errors
compiling UART_ALL.c...
..\..\bsp\Encoder.h(14): warning:  #1-D: last line of file ends without a newline
  #endif
..\..\bsp\UART_ALL.c(537): warning:  #167-D: argument of type "volatile uint8_t *" is incompatible with parameter of type "uint8_t *"
              UART5_DataProcess(UART5_RX); // 调用数据处理函数
..\..\bsp\UART_ALL.c: 2 warnings, 0 errors
compiling oled.c...
..\..\bsp\OLED\oled.c(308): warning:  #1-D: last line of file ends without a newline
  }
..\..\bsp\OLED\oled.c: 1 warning, 0 errors
compiling Sys.c...
..\..\bsp\Encoder.h(14): warning:  #1-D: last line of file ends without a newline
  #endif
..\..\bsp\Sys.c: 1 warning, 0 errors
compiling Motor.c...
..\..\bsp\Encoder.h(14): warning:  #1-D: last line of file ends without a newline
  #endif
..\..\bsp\Motor.c(99): warning:  #1-D: last line of file ends without a newline
  }
..\..\bsp\Motor.c: 2 warnings, 0 errors
compiling main.c...
..\..\bsp\Encoder.h(14): warning:  #1-D: last line of file ends without a newline
  #endif
..\..\bsp\ADC.h(4): warning:  #1-D: last line of file ends without a newline
  void Adc_Init(void);
..\..\app\main.c(13): warning:  #1295-D: Deprecated declaration Motor_Control - give arg types
  void Motor_Control();
..\..\app\main.c(14): warning:  #1295-D: Deprecated declaration Pid_Control_forward - give arg types
  float Pid_Control_forward();
..\..\app\main.c: 4 warnings, 0 errors
compiling board.c...
compiling Encoder.c...
..\..\bsp\Encoder.h(14): warning:  #1-D: last line of file ends without a newline
  #endif
..\..\bsp\Encoder.c(185): warning:  #1-D: last line of file ends without a newline
  }
..\..\bsp\Encoder.c: 2 warnings, 0 errors
compiling fifo.c...
linking...
Program Size: Code=11368 RO-data=1964 RW-data=140 ZI-data=1428  
FromELF: creating hex file...
".\Objects\Project.axf" - 0 Error(s), 14 Warning(s).

<h2>Software Packages used:</h2>

Package Vendor: Keil
                https://www.keil.com/pack/Keil.STM32F4xx_DFP.2.17.1.pack
                Keil::STM32F4xx_DFP@2.17.1
                STMicroelectronics STM32F4 Series Device Support, Drivers and Examples

<h2>Collection of Component include folders:</h2>
  C:/Keil_v5/ARM/PACK/Keil/STM32F4xx_DFP/2.17.1/Drivers/CMSIS/Device/ST/STM32F4xx/Include

<h2>Collection of Component Files used:</h2>
Build Time Elapsed:  00:00:03
</pre>
</body>
</html>
